
<IMG SRC="HS_Cpt_Callgraph.gif" USEMAP="#HS_Cpt_Callgraph">
<MAP NAME="HS_Cpt_Callgraph">
<AREA COORDS="1461,531,1621,561" HREF="qsort_toplist" ALT="qsort_toplist">
<AREA COORDS="1271,531,1441,561" HREF="go_through_toplist" ALT="go_through_toplist">
<AREA COORDS="1431,421,1581,451" HREF="fstat_toplist_qsort_function" ALT="fstat_toplist_qsort_function">
<AREA COORDS="1231,421,1381,451" HREF="reduce_fstat_precision" ALT="reduce_fstat_precision">
<AREA COORDS="1481,181,1621,211" HREF="sort_fstat_toplist" ALT="sort_fstat_toplist">
<AREA COORDS="1481,61,1621,91" HREF="fstat_cpt_file_destro" ALT="fstat_cpt_file_destro">
<AREA COORDS="1341,1,1541,31" HREF="write_and-close_checkpointed_file" ALT="write_and-close_checkpointed_file">
<AREA COORDS="1111,121,1271,151" HREF="fstat_cpt_file_open" ALT="fstat_cpt_file_open">
<AREA COORDS="1111,61,1271,91" HREF="fstat_cpt_file_flush" ALT="fstat_cpt_file_flush">
<AREA COORDS="931,421,1091,451" HREF="print_fstat_line_to_st" ALT="print_fstat_line_to_st">
<AREA COORDS="921,361,1101,391" HREF="write_fstat_toplist_item_to_fp" ALT="write_fstat_toplist_item_to_fp">
<AREA COORDS="931,301,1091,331" HREF="write_fstat_toplist_to_fp" ALT="write_fstat_toplist_to_fp">
<AREA COORDS="911,241,1111,271" HREF="_atomic_write_fstat_toplist_to_file" ALT="_atomic_write_fstat_toplist_to_file">
<AREA COORDS="911,181,1111,211" HREF="atomic_write_fstat_toplist_to_file" ALT="atomic_write_fstat_toplist_to_file">
<AREA COORDS="931,61,1091,91" HREF="fstat_cpt_file_compact" ALT="fstat_cpt_file_compact">
<AREA COORDS="931,1,1091,31" HREF="set_checkpoint" ALT="set_checkpoint">
<AREA COORDS="751,61,911,91" HREF="write_checkpoint" ALT="write_checkpoint">
<AREA COORDS="571,61,731,91" HREF="fstat_cpt_file_add" ALT="fstat_cpt_file_add">
<AREA COORDS="481,541,641,571" HREF="insert_into_toplist" ALT="insert_into_toplist">
<AREA COORDS="481,481,641,511" HREF="insert_into_fstat_toplist" ALT="insert_into_fstat_toplist">
<AREA COORDS="391,181,551,211" HREF="read_fstat_toplist_from_fp" ALT="read_fstat_toplist_from_fp">
<AREA COORDS="391,61,551,91" HREF="fstat_cpt_file_read" ALT="fstat_cpt_file_read">
<AREA COORDS="211,61,371,91" HREF="fstat_cpt_file_open" ALT="fstat_cpt_file_open">
<AREA COORDS="211,1,371,31" HREF="init_and_read_checkpoint" ALT="init_and_read_checkpoint">
<AREA COORDS="31,61,191,91" HREF="fstat_cpt_file_create.html" ALT="fstat_cpt_file_create.html">
<AREA COORDS="1291,61,1461,91" HREF="fstat_cpt_file_close" ALT="fstat_cpt_file_close">
<AREA COORDS="1281,181,1461,211" HREF="reduce_fstat_toplist_precision" ALT="reduce_fstat_toplist_precision">
</MAP>

<P ALIGN="CENTER">
<A HREF="qsort_toplist">qsort_toplist</A>
 | <A HREF="go_through_toplist">go_through_toplist</A>
 | <A HREF="fstat_toplist_qsort_function">fstat_toplist_qsort_function</A>
<BR>
<A HREF="reduce_fstat_precision">reduce_fstat_precision</A>
 | <A HREF="sort_fstat_toplist">sort_fstat_toplist</A>
 | <A HREF="fstat_cpt_file_destro">fstat_cpt_file_destro</A>
<BR>
<A HREF="write_and-close_checkpointed_file">write_and-close_checkpointed_file</A>
 | <A HREF="fstat_cpt_file_open">fstat_cpt_file_open</A>
<BR>
<A HREF="fstat_cpt_file_flush">fstat_cpt_file_flush</A>
 | <A HREF="print_fstat_line_to_st">print_fstat_line_to_st</A>
 | <A HREF="write_fstat_toplist_item_to_fp">write_fstat_toplist_item_to_fp</A>
<BR>
<A HREF="write_fstat_toplist_to_fp">write_fstat_toplist_to_fp</A>
 | <A HREF="_atomic_write_fstat_toplist_to_file">_atomic_write_fstat_toplist_to_file</A>
<BR>
<A HREF="atomic_write_fstat_toplist_to_file">atomic_write_fstat_toplist_to_file</A>
 | <A HREF="fstat_cpt_file_compact">fstat_cpt_file_compact</A>
<BR>
<A HREF="set_checkpoint">set_checkpoint</A>
 | <A HREF="write_checkpoint">write_checkpoint</A>
 | <A HREF="fstat_cpt_file_add">fstat_cpt_file_add</A>
<BR>
<A HREF="insert_into_toplist">insert_into_toplist</A>
 | <A HREF="insert_into_fstat_toplist">insert_into_fstat_toplist</A>
 | <A HREF="read_fstat_toplist_from_fp">read_fstat_toplist_from_fp</A>
<BR>
<A HREF="fstat_cpt_file_read">fstat_cpt_file_read</A>
 | <A HREF="fstat_cpt_file_open">fstat_cpt_file_open</A>
 | <A HREF="init_and_read_checkpoint">init_and_read_checkpoint</A>
<BR>
<A HREF="fstat_cpt_file_create.html">fstat_cpt_file_create.html</A>
 | <A HREF="fstat_cpt_file_close">fstat_cpt_file_close</A>
<BR>
<A HREF="reduce_fstat_toplist_precision">reduce_fstat_toplist_precision</A>
</P>

</body>
</html>